172.20.10.14 - - [23/Jan/2019:16:51:23 -0200] "GET /api/envio/51984545089/teste%20loco%204%20666/maicon.martins HTTP/1.1" 200 516 "-" "Mozilla/4.0 (compatible; MSIE 7.0; Windows NT 6.2; Win64; x64; Trident/7.0; .NET4.0E; .NET4.0C; .NET CLR 3.5.30729; .NET CLR 2.0.50727; .NET CLR 3.0.30729)"
172.20.10.14 - - [23/Jan/2019:16:52:07 -0200] "GET /api/envio/51984545089/teste%20loco%205%20666/maicon.martins HTTP/1.1" 200 520 "-" "Mozilla/4.0 (compatible; MSIE 7.0; Windows NT 6.2; Win64; x64; Trident/7.0; .NET4.0E; .NET4.0C; .NET CLR 3.5.30729; .NET CLR 2.0.50727; .NET CLR 3.0.30729)"
172.20.12.23 - - [23/Jan/2019:16:55:34 -0200] "GET /api/envio/51985046706/TESTE%20DE%20ENVIO%20DE%20API%20MAICON%20NAO%20ACREDITA/thiago.silva HTTP/1.1" 200 11 "-" "Mozilla/5.0 (X11; Linux x86_64) AppleWebKit/537.36 (KHTML, like Gecko) Chrome/71.0.3578.98 Safari/537.36"
172.20.12.23 - - [23/Jan/2019:16:56:25 -0200] "-" 408 - "-" "-"
172.20.10.14 - - [23/Jan/2019:16:56:12 -0200] "GET /api/envio/51984545089/teste%20loco%206%20666/maicon.martins HTTP/1.1" 500 524598 "-" "Mozilla/4.0 (compatible; MSIE 7.0; Windows NT 6.2; Win64; x64; Trident/7.0; .NET4.0E; .NET4.0C; .NET CLR 3.5.30729; .NET CLR 2.0.50727; .NET CLR 3.0.30729)"
172.20.10.14 - - [23/Jan/2019:16:57:03 -0200] "GET /api/envio/51984545089/teste%20loco%207%20666/maicon.martins HTTP/1.1" 200 11 "-" "Mozilla/4.0 (compatible; MSIE 7.0; Windows NT 6.2; Win64; x64; Trident/7.0; .NET4.0E; .NET4.0C; .NET CLR 3.5.30729; .NET CLR 2.0.50727; .NET CLR 3.0.30729)"
172.20.10.14 - - [23/Jan/2019:16:58:53 -0200] "GET /api/envio/51984545089/teste%20loco%208%20666/maicon.martins HTTP/1.1" 200 9 "-" "Mozilla/4.0 (compatible; MSIE 7.0; Windows NT 6.2; Win64; x64; Trident/7.0; .NET4.0E; .NET4.0C; .NET CLR 3.5.30729; .NET CLR 2.0.50727; .NET CLR 3.0.30729)"
172.20.12.23 - - [23/Jan/2019:16:58:54 -0200] "GET /api/envio/51985046706/TESTE%20DE%20ENVIO%20DE%20API%20MAICON%20NAO%20ACREDITA/thiago.silva HTTP/1.1" 200 7 "-" "Mozilla/5.0 (X11; Linux x86_64) AppleWebKit/537.36 (KHTML, like Gecko) Chrome/71.0.3578.98 Safari/537.36"
172.20.12.23 - - [23/Jan/2019:16:59:46 -0200] "-" 408 - "-" "-"
172.20.12.23 - - [23/Jan/2019:17:02:00 -0200] "GET /api/envio/51985046706/TESTE%20DE%20ENVIO%20DE%20API%20MAICON%20NAO%20ACREDITA/thiago.silva HTTP/1.1" 200 6 "-" "Mozilla/5.0 (X11; Linux x86_64) AppleWebKit/537.36 (KHTML, like Gecko) Chrome/71.0.3578.98 Safari/537.36"
172.20.12.23 - - [23/Jan/2019:17:02:51 -0200] "-" 408 - "-" "-"
172.20.12.23 - - [23/Jan/2019:17:03:54 -0200] "GET /api/envio/51985046706/TESTE%20DE%20ENVIO%20DE%20API%20MAICON%20NAO%20ACREDITA/thiago.silva HTTP/1.1" 200 9 "-" "Mozilla/5.0 (X11; Linux x86_64) AppleWebKit/537.36 (KHTML, like Gecko) Chrome/71.0.3578.98 Safari/537.36"
172.20.12.23 - - [23/Jan/2019:17:04:46 -0200] "-" 408 - "-" "-"
172.20.12.23 - - [23/Jan/2019:17:05:05 -0200] "GET / HTTP/1.1" 302 420 "-" "Mozilla/5.0 (X11; Linux x86_64) AppleWebKit/537.36 (KHTML, like Gecko) Chrome/71.0.3578.98 Safari/537.36"
172.20.12.23 - - [23/Jan/2019:17:05:05 -0200] "GET /admin/login HTTP/1.1" 200 2416 "-" "Mozilla/5.0 (X11; Linux x86_64) AppleWebKit/537.36 (KHTML, like Gecko) Chrome/71.0.3578.98 Safari/537.36"
172.20.12.23 - - [23/Jan/2019:17:05:05 -0200] "GET /css/style.css HTTP/1.1" 304 - "http://izzysms.blcobranca.com.br/admin/login" "Mozilla/5.0 (X11; Linux x86_64) AppleWebKit/537.36 (KHTML, like Gecko) Chrome/71.0.3578.98 Safari/537.36"
172.20.12.23 - - [23/Jan/2019:17:05:05 -0200] "GET /js/init.js HTTP/1.1" 304 - "http://izzysms.blcobranca.com.br/admin/login" "Mozilla/5.0 (X11; Linux x86_64) AppleWebKit/537.36 (KHTML, like Gecko) Chrome/71.0.3578.98 Safari/537.36"
172.20.12.23 - - [23/Jan/2019:17:05:08 -0200] "POST /admin/login HTTP/1.1" 302 372 "http://izzysms.blcobranca.com.br/admin/login" "Mozilla/5.0 (X11; Linux x86_64) AppleWebKit/537.36 (KHTML, like Gecko) Chrome/71.0.3578.98 Safari/537.36"
172.20.12.23 - - [23/Jan/2019:17:05:08 -0200] "GET / HTTP/1.1" 200 21896 "http://izzysms.blcobranca.com.br/admin/login" "Mozilla/5.0 (X11; Linux x86_64) AppleWebKit/537.36 (KHTML, like Gecko) Chrome/71.0.3578.98 Safari/537.36"
172.20.12.23 - - [23/Jan/2019:17:05:57 -0200] "-" 408 - "-" "-"
172.20.12.23 - - [23/Jan/2019:17:07:18 -0200] "GET /admin/posts HTTP/1.1" 200 14070 "http://izzysms.blcobranca.com.br/" "Mozilla/5.0 (X11; Linux x86_64) AppleWebKit/537.36 (KHTML, like Gecko) Chrome/71.0.3578.98 Safari/537.36"
172.20.10.14 - - [23/Jan/2019:17:12:52 -0200] "GET /api/envio/51984545089/TESTE%20CHAMADA%201/BATMAN.FILHO HTTP/1.1" 200 9 "-" "Mozilla/4.0 (compatible; MSIE 7.0; Windows NT 6.2; Win64; x64; Trident/7.0; .NET4.0E; .NET4.0C; .NET CLR 3.5.30729; .NET CLR 2.0.50727; .NET CLR 3.0.30729)"
172.20.10.14 - - [23/Jan/2019:17:14:30 -0200] "GET /api/envio/51984545089/TESTE%20CHAMADA%201/BATMAN.FILHO HTTP/1.1" 200 6 "-" "Mozilla/4.0 (compatible; MSIE 7.0; Windows NT 6.2; Win64; x64; Trident/7.0; .NET4.0E; .NET4.0C; .NET CLR 3.5.30729; .NET CLR 2.0.50727; .NET CLR 3.0.30729)"
172.20.10.14 - - [23/Jan/2019:17:17:22 -0200] "GET /api/envio/51984545089/TESTE%20CHAMADA%202/BATMAN.FILHO HTTP/1.1" 200 6 "-" "Mozilla/4.0 (compatible; MSIE 7.0; Windows NT 6.2; Win64; x64; Trident/7.0; .NET4.0E; .NET4.0C; .NET CLR 3.5.30729; .NET CLR 2.0.50727; .NET CLR 3.0.30729)"
172.20.10.14 - - [23/Jan/2019:17:18:11 -0200] "GET /api/envio/51984545089/TESTE%20CHAMADA%202/BATMAN.FILHO HTTP/1.1" 200 7 "-" "Mozilla/4.0 (compatible; MSIE 7.0; Windows NT 6.2; Win64; x64; Trident/7.0; .NET4.0E; .NET4.0C; .NET CLR 3.5.30729; .NET CLR 2.0.50727; .NET CLR 3.0.30729)"
172.20.10.14 - - [23/Jan/2019:17:19:50 -0200] "GET /api/envio/51984545089/TESTE%20CHAMADA%203/BATMAN.FILHO HTTP/1.1" 200 6 "-" "Mozilla/4.0 (compatible; MSIE 7.0; Windows NT 6.2; Win64; x64; Trident/7.0; .NET4.0E; .NET4.0C; .NET CLR 3.5.30729; .NET CLR 2.0.50727; .NET CLR 3.0.30729)"
172.20.10.14 - - [23/Jan/2019:17:22:27 -0200] "GET /api/envio/51984545089/TESTE%20CHAMADA%203/BATMAN.FILHO HTTP/1.1" 200 7 "-" "Mozilla/4.0 (compatible; MSIE 7.0; Windows NT 6.2; Win64; x64; Trident/7.0; .NET4.0E; .NET4.0C; .NET CLR 3.5.30729; .NET CLR 2.0.50727; .NET CLR 3.0.30729)"
172.20.10.14 - - [23/Jan/2019:17:25:26 -0200] "GET /api/envio/51984545089/TESTE%20CHAMADA%204/BATMAN.FILHO HTTP/1.1" 200 6 "-" "Mozilla/4.0 (compatible; MSIE 7.0; Windows NT 6.2; Win64; x64; Trident/7.0; .NET4.0E; .NET4.0C; .NET CLR 3.5.30729; .NET CLR 2.0.50727; .NET CLR 3.0.30729)"
172.20.10.14 - - [23/Jan/2019:17:26:09 -0200] "GET /api/envio/51984545089/TESTE%20CHAMADA%205/BATMAN.FILHO HTTP/1.1" 200 7 "-" "Mozilla/4.0 (compatible; MSIE 7.0; Windows NT 6.2; Win64; x64; Trident/7.0; .NET4.0E; .NET4.0C; .NET CLR 3.5.30729; .NET CLR 2.0.50727; .NET CLR 3.0.30729)"
172.20.12.23 - - [23/Jan/2019:17:34:13 -0200] "GET / HTTP/1.1" 200 21531 "-" "Mozilla/5.0 (X11; Linux x86_64) AppleWebKit/537.36 (KHTML, like Gecko) Chrome/71.0.3578.98 Safari/537.36"
172.20.12.23 - - [23/Jan/2019:17:35:05 -0200] "-" 408 - "-" "-"
172.20.12.23 - - [23/Jan/2019:17:39:07 -0200] "GET / HTTP/1.1" 200 16610 "-" "Mozilla/5.0 (X11; Linux x86_64) AppleWebKit/537.36 (KHTML, like Gecko) Chrome/71.0.3578.98 Safari/537.36"
172.20.12.23 - - [23/Jan/2019:17:39:58 -0200] "-" 408 - "-" "-"
172.20.12.23 - - [23/Jan/2019:17:48:15 -0200] "GET / HTTP/1.1" 200 17915 "-" "Mozilla/5.0 (X11; Linux x86_64) AppleWebKit/537.36 (KHTML, like Gecko) Chrome/71.0.3578.98 Safari/537.36"
172.20.12.23 - - [23/Jan/2019:17:48:44 -0200] "GET / HTTP/1.1" 200 17919 "-" "Mozilla/5.0 (X11; Linux x86_64) AppleWebKit/537.36 (KHTML, like Gecko) Chrome/71.0.3578.98 Safari/537.36"
172.20.12.23 - - [23/Jan/2019:17:49:22 -0200] "GET / HTTP/1.1" 200 17939 "-" "Mozilla/5.0 (X11; Linux x86_64) AppleWebKit/537.36 (KHTML, like Gecko) Chrome/71.0.3578.98 Safari/537.36"
172.20.12.23 - - [23/Jan/2019:17:50:13 -0200] "-" 408 - "-" "-"
172.20.12.23 - - [23/Jan/2019:17:50:24 -0200] "GET / HTTP/1.1" 200 17939 "-" "Mozilla/5.0 (X11; Linux x86_64) AppleWebKit/537.36 (KHTML, like Gecko) Chrome/71.0.3578.98 Safari/537.36"
172.20.12.23 - - [23/Jan/2019:17:50:47 -0200] "GET /admin/campanha HTTP/1.1" 200 10005 "http://izzysms.blcobranca.com.br/" "Mozilla/5.0 (X11; Linux x86_64) AppleWebKit/537.36 (KHTML, like Gecko) Chrome/71.0.3578.98 Safari/537.36"
172.20.12.23 - - [23/Jan/2019:17:51:03 -0200] "GET /admin/chipeiras HTTP/1.1" 200 13537 "http://izzysms.blcobranca.com.br/" "Mozilla/5.0 (X11; Linux x86_64) AppleWebKit/537.36 (KHTML, like Gecko) Chrome/71.0.3578.98 Safari/537.36"
172.20.12.23 - - [23/Jan/2019:17:51:36 -0200] "GET / HTTP/1.1" 200 17939 "http://izzysms.blcobranca.com.br/admin/chipeiras" "Mozilla/5.0 (X11; Linux x86_64) AppleWebKit/537.36 (KHTML, like Gecko) Chrome/71.0.3578.98 Safari/537.36"
172.20.12.23 - - [23/Jan/2019:17:52:23 -0200] "GET /admin/chipeiras HTTP/1.1" 200 13537 "http://izzysms.blcobranca.com.br/" "Mozilla/5.0 (X11; Linux x86_64) AppleWebKit/537.36 (KHTML, like Gecko) Chrome/71.0.3578.98 Safari/537.36"
172.20.12.23 - - [23/Jan/2019:17:53:00 -0200] "GET / HTTP/1.1" 200 17939 "http://izzysms.blcobranca.com.br/admin/chipeiras" "Mozilla/5.0 (X11; Linux x86_64) AppleWebKit/537.36 (KHTML, like Gecko) Chrome/71.0.3578.98 Safari/537.36"
172.20.12.23 - - [23/Jan/2019:18:16:40 -0200] "GET /admin/campanha HTTP/1.1" 200 10005 "http://izzysms.blcobranca.com.br/" "Mozilla/5.0 (X11; Linux x86_64) AppleWebKit/537.36 (KHTML, like Gecko) Chrome/71.0.3578.98 Safari/537.36"
172.20.12.23 - - [23/Jan/2019:18:16:43 -0200] "GET /admin/campanha/envio/21 HTTP/1.1" 200 7108 "http://izzysms.blcobranca.com.br/admin/campanha" "Mozilla/5.0 (X11; Linux x86_64) AppleWebKit/537.36 (KHTML, like Gecko) Chrome/71.0.3578.98 Safari/537.36"
172.20.12.23 - - [23/Jan/2019:18:16:58 -0200] "GET / HTTP/1.1" 200 17939 "http://izzysms.blcobranca.com.br/admin/campanha" "Mozilla/5.0 (X11; Linux x86_64) AppleWebKit/537.36 (KHTML, like Gecko) Chrome/71.0.3578.98 Safari/537.36"
172.20.12.23 - - [23/Jan/2019:18:17:03 -0200] "GET /admin/chipeiras HTTP/1.1" 500 609584 "http://izzysms.blcobranca.com.br/" "Mozilla/5.0 (X11; Linux x86_64) AppleWebKit/537.36 (KHTML, like Gecko) Chrome/71.0.3578.98 Safari/537.36"
172.20.12.23 - - [23/Jan/2019:18:17:39 -0200] "GET /admin/chipeiras HTTP/1.1" 200 13537 "-" "Mozilla/5.0 (X11; Linux x86_64) AppleWebKit/537.36 (KHTML, like Gecko) Chrome/71.0.3578.98 Safari/537.36"
172.20.12.23 - - [23/Jan/2019:18:18:30 -0200] "-" 408 - "-" "-"
172.20.12.22 - - [23/Jan/2019:18:35:56 -0200] "GET / HTTP/1.1" 302 420 "-" "Mozilla/5.0 (Windows NT 10.0; Win64; x64; rv:64.0) Gecko/20100101 Firefox/64.0"
172.20.12.22 - - [23/Jan/2019:18:35:56 -0200] "GET /admin/login HTTP/1.1" 200 2416 "-" "Mozilla/5.0 (Windows NT 10.0; Win64; x64; rv:64.0) Gecko/20100101 Firefox/64.0"
172.20.12.22 - - [23/Jan/2019:18:35:56 -0200] "GET /css/style.css HTTP/1.1" 200 264 "http://izzysms.blcobranca.com.br/admin/login" "Mozilla/5.0 (Windows NT 10.0; Win64; x64; rv:64.0) Gecko/20100101 Firefox/64.0"
172.20.12.22 - - [23/Jan/2019:18:35:56 -0200] "GET /js/init.js HTTP/1.1" 200 64 "http://izzysms.blcobranca.com.br/admin/login" "Mozilla/5.0 (Windows NT 10.0; Win64; x64; rv:64.0) Gecko/20100101 Firefox/64.0"
172.20.12.22 - - [23/Jan/2019:18:35:56 -0200] "GET /lib/materialize/dist/css/materialize.css HTTP/1.1" 200 179245 "http://izzysms.blcobranca.com.br/admin/login" "Mozilla/5.0 (Windows NT 10.0; Win64; x64; rv:64.0) Gecko/20100101 Firefox/64.0"
172.20.12.22 - - [23/Jan/2019:18:35:56 -0200] "GET /lib/jquery/dist/jquery.js HTTP/1.1" 200 271751 "http://izzysms.blcobranca.com.br/admin/login" "Mozilla/5.0 (Windows NT 10.0; Win64; x64; rv:64.0) Gecko/20100101 Firefox/64.0"
172.20.12.22 - - [23/Jan/2019:18:35:56 -0200] "GET /lib/materialize/dist/js/materialize.js HTTP/1.1" 200 370999 "http://izzysms.blcobranca.com.br/admin/login" "Mozilla/5.0 (Windows NT 10.0; Win64; x64; rv:64.0) Gecko/20100101 Firefox/64.0"
172.20.12.22 - - [23/Jan/2019:18:35:56 -0200] "GET /img/logoIzzy.png HTTP/1.1" 200 75324 "http://izzysms.blcobranca.com.br/admin/login" "Mozilla/5.0 (Windows NT 10.0; Win64; x64; rv:64.0) Gecko/20100101 Firefox/64.0"
172.20.12.22 - - [23/Jan/2019:18:35:56 -0200] "GET /favicon.ico HTTP/1.1" 200 - "-" "Mozilla/5.0 (Windows NT 10.0; Win64; x64; rv:64.0) Gecko/20100101 Firefox/64.0"
172.20.12.22 - - [23/Jan/2019:18:36:03 -0200] "GET /admin/login HTTP/1.1" 200 2416 "http://izzysms.blcobranca.com.br/admin/login" "Mozilla/5.0 (Windows NT 10.0; Win64; x64; rv:64.0) Gecko/20100101 Firefox/64.0"
172.20.12.22 - - [23/Jan/2019:18:36:03 -0200] "GET /lib/materialize/dist/css/materialize.css HTTP/1.1" 200 179245 "http://izzysms.blcobranca.com.br/admin/login" "Mozilla/5.0 (Windows NT 10.0; Win64; x64; rv:64.0) Gecko/20100101 Firefox/64.0"
172.20.12.22 - - [23/Jan/2019:18:36:42 -0200] "POST /admin/login HTTP/1.1" 302 420 "http://izzysms.blcobranca.com.br/admin/login" "Mozilla/5.0 (Windows NT 10.0; Win64; x64; rv:64.0) Gecko/20100101 Firefox/64.0"
172.20.12.22 - - [23/Jan/2019:18:36:42 -0200] "GET /admin/login HTTP/1.1" 200 2778 "http://izzysms.blcobranca.com.br/admin/login" "Mozilla/5.0 (Windows NT 10.0; Win64; x64; rv:64.0) Gecko/20100101 Firefox/64.0"
172.20.12.22 - - [23/Jan/2019:18:37:14 -0200] "POST /admin/login HTTP/1.1" 302 420 "http://izzysms.blcobranca.com.br/admin/login" "Mozilla/5.0 (Windows NT 10.0; Win64; x64; rv:64.0) Gecko/20100101 Firefox/64.0"
172.20.12.22 - - [23/Jan/2019:18:37:15 -0200] "GET /admin/login HTTP/1.1" 200 2778 "http://izzysms.blcobranca.com.br/admin/login" "Mozilla/5.0 (Windows NT 10.0; Win64; x64; rv:64.0) Gecko/20100101 Firefox/64.0"
172.20.12.22 - - [23/Jan/2019:18:37:17 -0200] "GET / HTTP/1.1" 302 420 "http://izzysms.blcobranca.com.br/admin/login" "Mozilla/5.0 (Windows NT 10.0; Win64; x64; rv:64.0) Gecko/20100101 Firefox/64.0"
172.20.12.22 - - [23/Jan/2019:18:37:17 -0200] "GET /admin/login HTTP/1.1" 200 2416 "http://izzysms.blcobranca.com.br/admin/login" "Mozilla/5.0 (Windows NT 10.0; Win64; x64; rv:64.0) Gecko/20100101 Firefox/64.0"
172.20.12.22 - - [23/Jan/2019:18:37:17 -0200] "GET /lib/materialize/dist/css/materialize.css HTTP/1.1" 200 179245 "http://izzysms.blcobranca.com.br/admin/login" "Mozilla/5.0 (Windows NT 10.0; Win64; x64; rv:64.0) Gecko/20100101 Firefox/64.0"
172.20.12.22 - - [23/Jan/2019:18:38:05 -0200] "POST /admin/login HTTP/1.1" 302 372 "http://izzysms.blcobranca.com.br/admin/login" "Mozilla/5.0 (Windows NT 10.0; Win64; x64; rv:64.0) Gecko/20100101 Firefox/64.0"
172.20.12.22 - - [23/Jan/2019:18:38:05 -0200] "GET / HTTP/1.1" 200 18304 "http://izzysms.blcobranca.com.br/admin/login" "Mozilla/5.0 (Windows NT 10.0; Win64; x64; rv:64.0) Gecko/20100101 Firefox/64.0"
172.20.12.22 - - [23/Jan/2019:18:38:29 -0200] "GET /admin/chipeiras HTTP/1.1" 200 13537 "http://izzysms.blcobranca.com.br/" "Mozilla/5.0 (Windows NT 10.0; Win64; x64; rv:64.0) Gecko/20100101 Firefox/64.0"
172.20.12.22 - - [23/Jan/2019:18:38:29 -0200] "GET /css/style.css HTTP/1.1" 200 264 "http://izzysms.blcobranca.com.br/admin/chipeiras" "Mozilla/5.0 (Windows NT 10.0; Win64; x64; rv:64.0) Gecko/20100101 Firefox/64.0"
172.20.12.22 - - [23/Jan/2019:18:38:35 -0200] "GET /admin/chipeira/editar/5 HTTP/1.1" 200 3949 "http://izzysms.blcobranca.com.br/admin/chipeiras" "Mozilla/5.0 (Windows NT 10.0; Win64; x64; rv:64.0) Gecko/20100101 Firefox/64.0"
172.20.12.22 - - [23/Jan/2019:18:38:35 -0200] "GET /favicon.ico HTTP/1.1" 200 - "-" "Mozilla/5.0 (Windows NT 10.0; Win64; x64; rv:64.0) Gecko/20100101 Firefox/64.0"
172.20.12.22 - - [23/Jan/2019:18:38:38 -0200] "GET /admin/chip/5 HTTP/1.1" 200 3701 "http://izzysms.blcobranca.com.br/admin/chipeira/editar/5" "Mozilla/5.0 (Windows NT 10.0; Win64; x64; rv:64.0) Gecko/20100101 Firefox/64.0"
172.20.12.22 - - [23/Jan/2019:18:38:38 -0200] "GET /lib/materialize/dist/css/materialize.css HTTP/1.1" 200 179245 "http://izzysms.blcobranca.com.br/admin/chip/5" "Mozilla/5.0 (Windows NT 10.0; Win64; x64; rv:64.0) Gecko/20100101 Firefox/64.0"
172.20.12.22 - - [23/Jan/2019:18:38:40 -0200] "GET /admin/chipeiras HTTP/1.1" 200 13537 "http://izzysms.blcobranca.com.br/admin/chip/5" "Mozilla/5.0 (Windows NT 10.0; Win64; x64; rv:64.0) Gecko/20100101 Firefox/64.0"
172.20.12.22 - - [23/Jan/2019:18:38:42 -0200] "GET / HTTP/1.1" 200 17939 "http://izzysms.blcobranca.com.br/admin/chipeiras" "Mozilla/5.0 (Windows NT 10.0; Win64; x64; rv:64.0) Gecko/20100101 Firefox/64.0"
172.20.12.22 - - [23/Jan/2019:18:38:43 -0200] "GET /favicon.ico HTTP/1.1" 200 - "-" "Mozilla/5.0 (Windows NT 10.0; Win64; x64; rv:64.0) Gecko/20100101 Firefox/64.0"
172.20.12.22 - - [23/Jan/2019:18:38:48 -0200] "GET /admin/usuarios HTTP/1.1" 200 3866 "http://izzysms.blcobranca.com.br/" "Mozilla/5.0 (Windows NT 10.0; Win64; x64; rv:64.0) Gecko/20100101 Firefox/64.0"
172.20.12.22 - - [23/Jan/2019:18:38:53 -0200] "GET / HTTP/1.1" 200 17939 "http://izzysms.blcobranca.com.br/admin/usuarios" "Mozilla/5.0 (Windows NT 10.0; Win64; x64; rv:64.0) Gecko/20100101 Firefox/64.0"
172.20.12.22 - - [23/Jan/2019:18:38:55 -0200] "GET /admin/usuarios HTTP/1.1" 200 3866 "http://izzysms.blcobranca.com.br/" "Mozilla/5.0 (Windows NT 10.0; Win64; x64; rv:64.0) Gecko/20100101 Firefox/64.0"
172.20.12.22 - - [23/Jan/2019:18:38:59 -0200] "GET /admin/posts HTTP/1.1" 200 13955 "http://izzysms.blcobranca.com.br/" "Mozilla/5.0 (Windows NT 10.0; Win64; x64; rv:64.0) Gecko/20100101 Firefox/64.0"
172.20.12.22 - - [23/Jan/2019:18:39:29 -0200] "GET /admin/posts?page=21 HTTP/1.1" 200 12863 "http://izzysms.blcobranca.com.br/admin/posts" "Mozilla/5.0 (Windows NT 10.0; Win64; x64; rv:64.0) Gecko/20100101 Firefox/64.0"
172.20.12.22 - - [23/Jan/2019:18:39:37 -0200] "GET /admin/posts?page=20 HTTP/1.1" 200 13304 "http://izzysms.blcobranca.com.br/admin/posts?page=21" "Mozilla/5.0 (Windows NT 10.0; Win64; x64; rv:64.0) Gecko/20100101 Firefox/64.0"
172.20.12.22 - - [23/Jan/2019:18:39:40 -0200] "GET /admin/posts?page=1 HTTP/1.1" 200 13955 "http://izzysms.blcobranca.com.br/admin/posts?page=20" "Mozilla/5.0 (Windows NT 10.0; Win64; x64; rv:64.0) Gecko/20100101 Firefox/64.0"
172.20.16.47 - - [23/Jan/2019:18:39:42 -0200] "GET / HTTP/1.1" 302 420 "-" "Mozilla/5.0 (Macintosh; Intel Mac OS X 10_14_2) AppleWebKit/605.1.15 (KHTML, like Gecko) Version/12.0.2 Safari/605.1.15"
172.20.16.47 - - [23/Jan/2019:18:39:43 -0200] "GET /admin/login HTTP/1.1" 200 2416 "-" "Mozilla/5.0 (Macintosh; Intel Mac OS X 10_14_2) AppleWebKit/605.1.15 (KHTML, like Gecko) Version/12.0.2 Safari/605.1.15"
172.20.16.47 - - [23/Jan/2019:18:39:43 -0200] "GET /lib/materialize/dist/css/materialize.css HTTP/1.1" 200 179245 "http://izzysms.blcobranca.com.br/admin/login" "Mozilla/5.0 (Macintosh; Intel Mac OS X 10_14_2) AppleWebKit/605.1.15 (KHTML, like Gecko) Version/12.0.2 Safari/605.1.15"
172.20.16.47 - - [23/Jan/2019:18:39:43 -0200] "GET /css/style.css HTTP/1.1" 200 264 "http://izzysms.blcobranca.com.br/admin/login" "Mozilla/5.0 (Macintosh; Intel Mac OS X 10_14_2) AppleWebKit/605.1.15 (KHTML, like Gecko) Version/12.0.2 Safari/605.1.15"
172.20.16.47 - - [23/Jan/2019:18:39:43 -0200] "GET /img/logoIzzy.png HTTP/1.1" 200 75324 "http://izzysms.blcobranca.com.br/admin/login" "Mozilla/5.0 (Macintosh; Intel Mac OS X 10_14_2) AppleWebKit/605.1.15 (KHTML, like Gecko) Version/12.0.2 Safari/605.1.15"
172.20.16.47 - - [23/Jan/2019:18:39:43 -0200] "GET /js/init.js HTTP/1.1" 200 64 "http://izzysms.blcobranca.com.br/admin/login" "Mozilla/5.0 (Macintosh; Intel Mac OS X 10_14_2) AppleWebKit/605.1.15 (KHTML, like Gecko) Version/12.0.2 Safari/605.1.15"
172.20.16.47 - - [23/Jan/2019:18:39:43 -0200] "GET /lib/materialize/dist/js/materialize.js HTTP/1.1" 200 370999 "http://izzysms.blcobranca.com.br/admin/login" "Mozilla/5.0 (Macintosh; Intel Mac OS X 10_14_2) AppleWebKit/605.1.15 (KHTML, like Gecko) Version/12.0.2 Safari/605.1.15"
172.20.16.47 - - [23/Jan/2019:18:39:43 -0200] "GET /lib/jquery/dist/jquery.js HTTP/1.1" 200 271751 "http://izzysms.blcobranca.com.br/admin/login" "Mozilla/5.0 (Macintosh; Intel Mac OS X 10_14_2) AppleWebKit/605.1.15 (KHTML, like Gecko) Version/12.0.2 Safari/605.1.15"
172.20.16.47 - - [23/Jan/2019:18:39:43 -0200] "GET /favicon.ico HTTP/1.1" 200 - "http://izzysms.blcobranca.com.br/admin/login" "Mozilla/5.0 (Macintosh; Intel Mac OS X 10_14_2) AppleWebKit/605.1.15 (KHTML, like Gecko) Version/12.0.2 Safari/605.1.15"
172.20.16.47 - - [23/Jan/2019:18:39:48 -0200] "POST /admin/login HTTP/1.1" 302 420 "http://izzysms.blcobranca.com.br/admin/login" "Mozilla/5.0 (Macintosh; Intel Mac OS X 10_14_2) AppleWebKit/605.1.15 (KHTML, like Gecko) Version/12.0.2 Safari/605.1.15"
::1 - - [23/Jan/2019:18:39:48 -0200] "OPTIONS * HTTP/1.0" 200 - "-" "Apache/2.4.6 (CentOS) mod_wsgi/3.4 Python/2.7.5 PHP/7.2.14 (internal dummy connection)"
172.20.16.47 - - [23/Jan/2019:18:39:48 -0200] "GET /admin/login HTTP/1.1" 200 2778 "http://izzysms.blcobranca.com.br/admin/login" "Mozilla/5.0 (Macintosh; Intel Mac OS X 10_14_2) AppleWebKit/605.1.15 (KHTML, like Gecko) Version/12.0.2 Safari/605.1.15"
172.20.12.22 - - [23/Jan/2019:18:39:48 -0200] "GET /admin/posts/nova HTTP/1.1" 200 3415 "http://izzysms.blcobranca.com.br/admin/posts?page=1" "Mozilla/5.0 (Windows NT 10.0; Win64; x64; rv:64.0) Gecko/20100101 Firefox/64.0"
::1 - - [23/Jan/2019:18:39:54 -0200] "OPTIONS * HTTP/1.0" 200 - "-" "Apache/2.4.6 (CentOS) mod_wsgi/3.4 Python/2.7.5 PHP/7.2.14 (internal dummy connection)"
::1 - - [23/Jan/2019:18:39:55 -0200] "OPTIONS * HTTP/1.0" 200 - "-" "Apache/2.4.6 (CentOS) mod_wsgi/3.4 Python/2.7.5 PHP/7.2.14 (internal dummy connection)"
172.20.16.47 - - [23/Jan/2019:18:40:12 -0200] "POST /admin/login HTTP/1.1" 302 372 "http://izzysms.blcobranca.com.br/admin/login" "Mozilla/5.0 (Macintosh; Intel Mac OS X 10_14_2) AppleWebKit/605.1.15 (KHTML, like Gecko) Version/12.0.2 Safari/605.1.15"
172.20.16.47 - - [23/Jan/2019:18:40:12 -0200] "GET / HTTP/1.1" 200 18304 "http://izzysms.blcobranca.com.br/admin/login" "Mozilla/5.0 (Macintosh; Intel Mac OS X 10_14_2) AppleWebKit/605.1.15 (KHTML, like Gecko) Version/12.0.2 Safari/605.1.15"
172.20.12.22 - - [23/Jan/2019:18:43:18 -0200] "POST /admin/posts/enviar HTTP/1.1" 302 420 "http://izzysms.blcobranca.com.br/admin/posts/nova" "Mozilla/5.0 (Windows NT 10.0; Win64; x64; rv:64.0) Gecko/20100101 Firefox/64.0"
172.20.12.22 - - [23/Jan/2019:18:43:19 -0200] "GET /admin/posts HTTP/1.1" 200 14309 "http://izzysms.blcobranca.com.br/admin/posts/nova" "Mozilla/5.0 (Windows NT 10.0; Win64; x64; rv:64.0) Gecko/20100101 Firefox/64.0"
172.20.12.22 - - [23/Jan/2019:18:43:30 -0200] "GET /admin/posts HTTP/1.1" 200 13948 "http://izzysms.blcobranca.com.br/admin/posts/nova" "Mozilla/5.0 (Windows NT 10.0; Win64; x64; rv:64.0) Gecko/20100101 Firefox/64.0"
172.20.12.22 - - [23/Jan/2019:18:43:30 -0200] "GET /lib/materialize/dist/css/materialize.css HTTP/1.1" 304 - "http://izzysms.blcobranca.com.br/admin/posts" "Mozilla/5.0 (Windows NT 10.0; Win64; x64; rv:64.0) Gecko/20100101 Firefox/64.0"
172.20.12.22 - - [23/Jan/2019:18:43:30 -0200] "GET /css/style.css HTTP/1.1" 304 - "http://izzysms.blcobranca.com.br/admin/posts" "Mozilla/5.0 (Windows NT 10.0; Win64; x64; rv:64.0) Gecko/20100101 Firefox/64.0"
172.20.12.22 - - [23/Jan/2019:18:43:30 -0200] "GET /lib/materialize/dist/js/materialize.js HTTP/1.1" 304 - "http://izzysms.blcobranca.com.br/admin/posts" "Mozilla/5.0 (Windows NT 10.0; Win64; x64; rv:64.0) Gecko/20100101 Firefox/64.0"
172.20.12.22 - - [23/Jan/2019:18:43:30 -0200] "GET /js/init.js HTTP/1.1" 304 - "http://izzysms.blcobranca.com.br/admin/posts" "Mozilla/5.0 (Windows NT 10.0; Win64; x64; rv:64.0) Gecko/20100101 Firefox/64.0"
172.20.12.22 - - [23/Jan/2019:18:43:30 -0200] "GET /lib/jquery/dist/jquery.js HTTP/1.1" 304 - "http://izzysms.blcobranca.com.br/admin/posts" "Mozilla/5.0 (Windows NT 10.0; Win64; x64; rv:64.0) Gecko/20100101 Firefox/64.0"
172.20.12.22 - - [23/Jan/2019:18:43:30 -0200] "GET /img/logoIzzy.png HTTP/1.1" 200 75324 "http://izzysms.blcobranca.com.br/admin/posts" "Mozilla/5.0 (Windows NT 10.0; Win64; x64; rv:64.0) Gecko/20100101 Firefox/64.0"
172.20.16.47 - - [23/Jan/2019:18:44:07 -0200] "GET /admin/usuarios HTTP/1.1" 200 3866 "http://izzysms.blcobranca.com.br/" "Mozilla/5.0 (Macintosh; Intel Mac OS X 10_14_2) AppleWebKit/605.1.15 (KHTML, like Gecko) Version/12.0.2 Safari/605.1.15"
172.20.12.22 - - [23/Jan/2019:18:44:11 -0200] "GET /admin/posts HTTP/1.1" 200 13948 "http://izzysms.blcobranca.com.br/admin/posts/nova" "Mozilla/5.0 (Windows NT 10.0; Win64; x64; rv:64.0) Gecko/20100101 Firefox/64.0"
172.20.12.22 - - [23/Jan/2019:18:44:12 -0200] "GET /lib/materialize/dist/css/materialize.css HTTP/1.1" 304 - "http://izzysms.blcobranca.com.br/admin/posts" "Mozilla/5.0 (Windows NT 10.0; Win64; x64; rv:64.0) Gecko/20100101 Firefox/64.0"
172.20.12.22 - - [23/Jan/2019:18:44:12 -0200] "GET /css/style.css HTTP/1.1" 304 - "http://izzysms.blcobranca.com.br/admin/posts" "Mozilla/5.0 (Windows NT 10.0; Win64; x64; rv:64.0) Gecko/20100101 Firefox/64.0"
172.20.12.22 - - [23/Jan/2019:18:44:12 -0200] "GET /lib/materialize/dist/js/materialize.js HTTP/1.1" 304 - "http://izzysms.blcobranca.com.br/admin/posts" "Mozilla/5.0 (Windows NT 10.0; Win64; x64; rv:64.0) Gecko/20100101 Firefox/64.0"
172.20.12.22 - - [23/Jan/2019:18:44:12 -0200] "GET /lib/jquery/dist/jquery.js HTTP/1.1" 304 - "http://izzysms.blcobranca.com.br/admin/posts" "Mozilla/5.0 (Windows NT 10.0; Win64; x64; rv:64.0) Gecko/20100101 Firefox/64.0"
172.20.12.22 - - [23/Jan/2019:18:44:12 -0200] "GET /js/init.js HTTP/1.1" 304 - "http://izzysms.blcobranca.com.br/admin/posts" "Mozilla/5.0 (Windows NT 10.0; Win64; x64; rv:64.0) Gecko/20100101 Firefox/64.0"
172.20.12.22 - - [23/Jan/2019:18:44:12 -0200] "GET /img/logoIzzy.png HTTP/1.1" 200 75324 "http://izzysms.blcobranca.com.br/admin/posts" "Mozilla/5.0 (Windows NT 10.0; Win64; x64; rv:64.0) Gecko/20100101 Firefox/64.0"
172.20.16.47 - - [23/Jan/2019:18:44:21 -0200] "GET /admin/posts HTTP/1.1" 200 13948 "http://izzysms.blcobranca.com.br/" "Mozilla/5.0 (Macintosh; Intel Mac OS X 10_14_2) AppleWebKit/605.1.15 (KHTML, like Gecko) Version/12.0.2 Safari/605.1.15"
172.20.12.22 - - [23/Jan/2019:18:44:45 -0200] "GET / HTTP/1.1" 200 17939 "http://izzysms.blcobranca.com.br/admin/posts" "Mozilla/5.0 (Windows NT 10.0; Win64; x64; rv:64.0) Gecko/20100101 Firefox/64.0"
172.20.16.47 - - [23/Jan/2019:18:45:01 -0200] "GET / HTTP/1.1" 200 17939 "http://izzysms.blcobranca.com.br/admin/posts" "Mozilla/5.0 (Macintosh; Intel Mac OS X 10_14_2) AppleWebKit/605.1.15 (KHTML, like Gecko) Version/12.0.2 Safari/605.1.15"
172.20.12.22 - - [23/Jan/2019:18:45:01 -0200] "GET / HTTP/1.1" 200 17939 "-" "Mozilla/5.0 (Windows NT 10.0; Win64; x64; rv:64.0) Gecko/20100101 Firefox/64.0"
172.20.12.22 - - [23/Jan/2019:18:45:06 -0200] "GET /admin/usuarios HTTP/1.1" 200 3866 "http://izzysms.blcobranca.com.br/" "Mozilla/5.0 (Windows NT 10.0; Win64; x64; rv:64.0) Gecko/20100101 Firefox/64.0"
172.20.12.22 - - [23/Jan/2019:18:45:13 -0200] "GET /admin/usuarios HTTP/1.1" 200 3866 "-" "Mozilla/5.0 (Windows NT 10.0; Win64; x64; rv:64.0) Gecko/20100101 Firefox/64.0"
172.20.12.22 - - [23/Jan/2019:18:45:15 -0200] "GET / HTTP/1.1" 200 17939 "http://izzysms.blcobranca.com.br/admin/usuarios" "Mozilla/5.0 (Windows NT 10.0; Win64; x64; rv:64.0) Gecko/20100101 Firefox/64.0"
172.20.12.22 - - [23/Jan/2019:18:45:26 -0200] "GET /admin/posts HTTP/1.1" 200 13948 "http://izzysms.blcobranca.com.br/" "Mozilla/5.0 (Windows NT 10.0; Win64; x64; rv:64.0) Gecko/20100101 Firefox/64.0"
172.20.16.47 - - [23/Jan/2019:18:45:39 -0200] "GET / HTTP/1.1" 200 17939 "http://izzysms.blcobranca.com.br/" "Mozilla/5.0 (Macintosh; Intel Mac OS X 10_14_2) AppleWebKit/605.1.15 (KHTML, like Gecko) Version/12.0.2 Safari/605.1.15"
172.20.12.22 - - [23/Jan/2019:18:45:41 -0200] "GET / HTTP/1.1" 200 17939 "http://izzysms.blcobranca.com.br/admin/posts" "Mozilla/5.0 (Windows NT 10.0; Win64; x64; rv:64.0) Gecko/20100101 Firefox/64.0"
172.20.12.22 - - [23/Jan/2019:18:45:46 -0200] "GET /admin/chipeiras HTTP/1.1" 200 13537 "http://izzysms.blcobranca.com.br/" "Mozilla/5.0 (Windows NT 10.0; Win64; x64; rv:64.0) Gecko/20100101 Firefox/64.0"
172.20.12.22 - - [23/Jan/2019:18:45:47 -0200] "GET / HTTP/1.1" 200 17939 "http://izzysms.blcobranca.com.br/admin/chipeiras" "Mozilla/5.0 (Windows NT 10.0; Win64; x64; rv:64.0) Gecko/20100101 Firefox/64.0"
172.20.16.47 - - [23/Jan/2019:18:45:48 -0200] "GET / HTTP/1.1" 200 17939 "http://izzysms.blcobranca.com.br/" "Mozilla/5.0 (Macintosh; Intel Mac OS X 10_14_2) AppleWebKit/605.1.15 (KHTML, like Gecko) Version/12.0.2 Safari/605.1.15"
172.20.12.23 - - [23/Jan/2019:18:45:48 -0200] "GET / HTTP/1.1" 200 17939 "http://izzysms.blcobranca.com.br/admin/chipeiras" "Mozilla/5.0 (X11; Linux x86_64) AppleWebKit/537.36 (KHTML, like Gecko) Chrome/71.0.3578.98 Safari/537.36"
172.20.12.23 - - [23/Jan/2019:18:45:48 -0200] "GET /js/init.js HTTP/1.1" 304 - "http://izzysms.blcobranca.com.br/" "Mozilla/5.0 (X11; Linux x86_64) AppleWebKit/537.36 (KHTML, like Gecko) Chrome/71.0.3578.98 Safari/537.36"
172.20.12.22 - - [23/Jan/2019:18:45:49 -0200] "GET /admin/posts HTTP/1.1" 200 13948 "http://izzysms.blcobranca.com.br/" "Mozilla/5.0 (Windows NT 10.0; Win64; x64; rv:64.0) Gecko/20100101 Firefox/64.0"
172.20.16.47 - - [23/Jan/2019:18:45:50 -0200] "GET / HTTP/1.1" 200 17939 "http://izzysms.blcobranca.com.br/" "Mozilla/5.0 (Macintosh; Intel Mac OS X 10_14_2) AppleWebKit/605.1.15 (KHTML, like Gecko) Version/12.0.2 Safari/605.1.15"
172.20.12.22 - - [23/Jan/2019:18:45:51 -0200] "GET / HTTP/1.1" 200 17939 "http://izzysms.blcobranca.com.br/admin/posts" "Mozilla/5.0 (Windows NT 10.0; Win64; x64; rv:64.0) Gecko/20100101 Firefox/64.0"
172.20.12.22 - - [23/Jan/2019:18:45:54 -0200] "GET /admin/usuarios HTTP/1.1" 200 3866 "http://izzysms.blcobranca.com.br/" "Mozilla/5.0 (Windows NT 10.0; Win64; x64; rv:64.0) Gecko/20100101 Firefox/64.0"
172.20.16.47 - - [23/Jan/2019:18:45:55 -0200] "GET / HTTP/1.1" 200 17939 "http://izzysms.blcobranca.com.br/" "Mozilla/5.0 (Macintosh; Intel Mac OS X 10_14_2) AppleWebKit/605.1.15 (KHTML, like Gecko) Version/12.0.2 Safari/605.1.15"
172.20.12.22 - - [23/Jan/2019:18:45:56 -0200] "GET / HTTP/1.1" 200 17939 "http://izzysms.blcobranca.com.br/admin/usuarios" "Mozilla/5.0 (Windows NT 10.0; Win64; x64; rv:64.0) Gecko/20100101 Firefox/64.0"
172.20.16.47 - - [23/Jan/2019:18:45:56 -0200] "GET / HTTP/1.1" 200 17939 "http://izzysms.blcobranca.com.br/" "Mozilla/5.0 (Macintosh; Intel Mac OS X 10_14_2) AppleWebKit/605.1.15 (KHTML, like Gecko) Version/12.0.2 Safari/605.1.15"
172.20.16.47 - - [23/Jan/2019:18:45:57 -0200] "GET / HTTP/1.1" 200 17939 "http://izzysms.blcobranca.com.br/" "Mozilla/5.0 (Macintosh; Intel Mac OS X 10_14_2) AppleWebKit/605.1.15 (KHTML, like Gecko) Version/12.0.2 Safari/605.1.15"
172.20.12.22 - - [23/Jan/2019:18:46:03 -0200] "GET /admin/usuarios HTTP/1.1" 200 3866 "http://izzysms.blcobranca.com.br/" "Mozilla/5.0 (Windows NT 10.0; Win64; x64; rv:64.0) Gecko/20100101 Firefox/64.0"
172.20.12.22 - - [23/Jan/2019:18:46:06 -0200] "GET / HTTP/1.1" 200 17939 "http://izzysms.blcobranca.com.br/admin/usuarios" "Mozilla/5.0 (Windows NT 10.0; Win64; x64; rv:64.0) Gecko/20100101 Firefox/64.0"
172.20.12.22 - - [23/Jan/2019:18:46:37 -0200] "GET /admin/credor HTTP/1.1" 200 8698 "http://izzysms.blcobranca.com.br/" "Mozilla/5.0 (Windows NT 10.0; Win64; x64; rv:64.0) Gecko/20100101 Firefox/64.0"
172.20.12.23 - - [23/Jan/2019:18:46:39 -0200] "-" 408 - "-" "-"
172.20.12.22 - - [23/Jan/2019:18:46:42 -0200] "GET /admin/credor?page=239 HTTP/1.1" 200 7738 "http://izzysms.blcobranca.com.br/admin/credor" "Mozilla/5.0 (Windows NT 10.0; Win64; x64; rv:64.0) Gecko/20100101 Firefox/64.0"
172.20.12.22 - - [23/Jan/2019:18:46:46 -0200] "GET /admin/credor?page=1 HTTP/1.1" 200 8698 "http://izzysms.blcobranca.com.br/admin/credor?page=239" "Mozilla/5.0 (Windows NT 10.0; Win64; x64; rv:64.0) Gecko/20100101 Firefox/64.0"
172.20.16.47 - - [23/Jan/2019:18:46:50 -0200] "GET /admin/credor HTTP/1.1" 200 8698 "http://izzysms.blcobranca.com.br/" "Mozilla/5.0 (Macintosh; Intel Mac OS X 10_14_2) AppleWebKit/605.1.15 (KHTML, like Gecko) Version/12.0.2 Safari/605.1.15"
172.20.12.22 - - [23/Jan/2019:18:46:52 -0200] "GET / HTTP/1.1" 200 17939 "http://izzysms.blcobranca.com.br/admin/credor?page=1" "Mozilla/5.0 (Windows NT 10.0; Win64; x64; rv:64.0) Gecko/20100101 Firefox/64.0"
172.20.16.47 - - [23/Jan/2019:18:46:53 -0200] "GET /admin/credor?page=238 HTTP/1.1" 200 9219 "http://izzysms.blcobranca.com.br/admin/credor" "Mozilla/5.0 (Macintosh; Intel Mac OS X 10_14_2) AppleWebKit/605.1.15 (KHTML, like Gecko) Version/12.0.2 Safari/605.1.15"
172.20.16.47 - - [23/Jan/2019:18:46:56 -0200] "GET /admin/credor?page=236 HTTP/1.1" 200 9287 "http://izzysms.blcobranca.com.br/admin/credor?page=238" "Mozilla/5.0 (Macintosh; Intel Mac OS X 10_14_2) AppleWebKit/605.1.15 (KHTML, like Gecko) Version/12.0.2 Safari/605.1.15"
172.20.12.22 - - [23/Jan/2019:18:46:56 -0200] "GET /admin/posts HTTP/1.1" 200 13948 "http://izzysms.blcobranca.com.br/" "Mozilla/5.0 (Windows NT 10.0; Win64; x64; rv:64.0) Gecko/20100101 Firefox/64.0"
172.20.16.47 - - [23/Jan/2019:18:46:58 -0200] "GET /admin/credor?page=235 HTTP/1.1" 200 9210 "http://izzysms.blcobranca.com.br/admin/credor?page=236" "Mozilla/5.0 (Macintosh; Intel Mac OS X 10_14_2) AppleWebKit/605.1.15 (KHTML, like Gecko) Version/12.0.2 Safari/605.1.15"
172.20.16.47 - - [23/Jan/2019:18:47:00 -0200] "GET /admin/credor?page=232 HTTP/1.1" 200 9562 "http://izzysms.blcobranca.com.br/admin/credor?page=235" "Mozilla/5.0 (Macintosh; Intel Mac OS X 10_14_2) AppleWebKit/605.1.15 (KHTML, like Gecko) Version/12.0.2 Safari/605.1.15"
172.20.12.22 - - [23/Jan/2019:18:47:01 -0200] "GET / HTTP/1.1" 200 17939 "http://izzysms.blcobranca.com.br/admin/posts" "Mozilla/5.0 (Windows NT 10.0; Win64; x64; rv:64.0) Gecko/20100101 Firefox/64.0"
172.20.16.47 - - [23/Jan/2019:18:47:06 -0200] "GET /admin/credor?page=1 HTTP/1.1" 200 8698 "http://izzysms.blcobranca.com.br/admin/credor?page=232" "Mozilla/5.0 (Macintosh; Intel Mac OS X 10_14_2) AppleWebKit/605.1.15 (KHTML, like Gecko) Version/12.0.2 Safari/605.1.15"
172.20.16.47 - - [23/Jan/2019:18:47:12 -0200] "GET / HTTP/1.1" 200 17939 "http://izzysms.blcobranca.com.br/admin/credor?page=1" "Mozilla/5.0 (Macintosh; Intel Mac OS X 10_14_2) AppleWebKit/605.1.15 (KHTML, like Gecko) Version/12.0.2 Safari/605.1.15"
172.20.16.47 - - [23/Jan/2019:18:47:13 -0200] "GET / HTTP/1.1" 200 17939 "http://izzysms.blcobranca.com.br/" "Mozilla/5.0 (Macintosh; Intel Mac OS X 10_14_2) AppleWebKit/605.1.15 (KHTML, like Gecko) Version/12.0.2 Safari/605.1.15"
172.20.16.47 - - [23/Jan/2019:18:47:15 -0200] "GET / HTTP/1.1" 200 17939 "http://izzysms.blcobranca.com.br/" "Mozilla/5.0 (Macintosh; Intel Mac OS X 10_14_2) AppleWebKit/605.1.15 (KHTML, like Gecko) Version/12.0.2 Safari/605.1.15"
172.20.16.47 - - [23/Jan/2019:18:47:20 -0200] "GET /admin/usuarios HTTP/1.1" 200 3866 "http://izzysms.blcobranca.com.br/" "Mozilla/5.0 (Macintosh; Intel Mac OS X 10_14_2) AppleWebKit/605.1.15 (KHTML, like Gecko) Version/12.0.2 Safari/605.1.15"
172.20.16.47 - - [23/Jan/2019:18:47:24 -0200] "GET / HTTP/1.1" 200 17939 "http://izzysms.blcobranca.com.br/admin/usuarios" "Mozilla/5.0 (Macintosh; Intel Mac OS X 10_14_2) AppleWebKit/605.1.15 (KHTML, like Gecko) Version/12.0.2 Safari/605.1.15"
172.20.16.47 - - [23/Jan/2019:18:47:38 -0200] "GET /admin/campanha HTTP/1.1" 200 10005 "http://izzysms.blcobranca.com.br/" "Mozilla/5.0 (Macintosh; Intel Mac OS X 10_14_2) AppleWebKit/605.1.15 (KHTML, like Gecko) Version/12.0.2 Safari/605.1.15"
172.20.16.47 - - [23/Jan/2019:18:47:55 -0200] "GET /admin/campanha/nova HTTP/1.1" 200 3920 "http://izzysms.blcobranca.com.br/admin/campanha" "Mozilla/5.0 (Macintosh; Intel Mac OS X 10_14_2) AppleWebKit/605.1.15 (KHTML, like Gecko) Version/12.0.2 Safari/605.1.15"
172.20.16.47 - - [23/Jan/2019:18:48:21 -0200] "GET / HTTP/1.1" 200 17939 "http://izzysms.blcobranca.com.br/admin/campanha/nova" "Mozilla/5.0 (Macintosh; Intel Mac OS X 10_14_2) AppleWebKit/605.1.15 (KHTML, like Gecko) Version/12.0.2 Safari/605.1.15"
172.20.16.47 - - [23/Jan/2019:18:52:13 -0200] "GET /admin/chipeiras HTTP/1.1" 200 13537 "http://izzysms.blcobranca.com.br/" "Mozilla/5.0 (Macintosh; Intel Mac OS X 10_14_2) AppleWebKit/605.1.15 (KHTML, like Gecko) Version/12.0.2 Safari/605.1.15"
172.20.16.47 - - [23/Jan/2019:18:52:56 -0200] "GET / HTTP/1.1" 200 17939 "http://izzysms.blcobranca.com.br/admin/chipeiras" "Mozilla/5.0 (Macintosh; Intel Mac OS X 10_14_2) AppleWebKit/605.1.15 (KHTML, like Gecko) Version/12.0.2 Safari/605.1.15"
172.20.12.23 - - [24/Jan/2019:08:31:56 -0200] "GET / HTTP/1.1" 302 420 "-" "Mozilla/5.0 (X11; Linux x86_64) AppleWebKit/537.36 (KHTML, like Gecko) Chrome/71.0.3578.98 Safari/537.36"
172.20.12.23 - - [24/Jan/2019:08:31:56 -0200] "GET /admin/login HTTP/1.1" 200 2416 "-" "Mozilla/5.0 (X11; Linux x86_64) AppleWebKit/537.36 (KHTML, like Gecko) Chrome/71.0.3578.98 Safari/537.36"
172.20.12.23 - - [24/Jan/2019:08:31:56 -0200] "GET /lib/materialize/dist/css/materialize.css HTTP/1.1" 200 179245 "http://izzysms.blcobranca.com.br/admin/login" "Mozilla/5.0 (X11; Linux x86_64) AppleWebKit/537.36 (KHTML, like Gecko) Chrome/71.0.3578.98 Safari/537.36"
172.20.12.23 - - [24/Jan/2019:08:31:57 -0200] "GET /img/logoIzzy.png HTTP/1.1" 200 75324 "http://izzysms.blcobranca.com.br/admin/login" "Mozilla/5.0 (X11; Linux x86_64) AppleWebKit/537.36 (KHTML, like Gecko) Chrome/71.0.3578.98 Safari/537.36"
172.20.12.23 - - [24/Jan/2019:08:31:57 -0200] "GET /css/style.css HTTP/1.1" 304 - "http://izzysms.blcobranca.com.br/admin/login" "Mozilla/5.0 (X11; Linux x86_64) AppleWebKit/537.36 (KHTML, like Gecko) Chrome/71.0.3578.98 Safari/537.36"
172.20.12.23 - - [24/Jan/2019:08:31:57 -0200] "GET /lib/materialize/dist/js/materialize.js HTTP/1.1" 200 370999 "http://izzysms.blcobranca.com.br/admin/login" "Mozilla/5.0 (X11; Linux x86_64) AppleWebKit/537.36 (KHTML, like Gecko) Chrome/71.0.3578.98 Safari/537.36"
172.20.12.23 - - [24/Jan/2019:08:31:57 -0200] "GET /js/init.js HTTP/1.1" 304 - "http://izzysms.blcobranca.com.br/admin/login" "Mozilla/5.0 (X11; Linux x86_64) AppleWebKit/537.36 (KHTML, like Gecko) Chrome/71.0.3578.98 Safari/537.36"
172.20.12.23 - - [24/Jan/2019:08:31:57 -0200] "GET /lib/jquery/dist/jquery.js HTTP/1.1" 200 271751 "http://izzysms.blcobranca.com.br/admin/login" "Mozilla/5.0 (X11; Linux x86_64) AppleWebKit/537.36 (KHTML, like Gecko) Chrome/71.0.3578.98 Safari/537.36"
172.20.12.23 - - [24/Jan/2019:08:31:59 -0200] "POST /admin/login HTTP/1.1" 302 372 "http://izzysms.blcobranca.com.br/admin/login" "Mozilla/5.0 (X11; Linux x86_64) AppleWebKit/537.36 (KHTML, like Gecko) Chrome/71.0.3578.98 Safari/537.36"
172.20.12.23 - - [24/Jan/2019:08:31:59 -0200] "GET / HTTP/1.1" 200 18309 "http://izzysms.blcobranca.com.br/admin/login" "Mozilla/5.0 (X11; Linux x86_64) AppleWebKit/537.36 (KHTML, like Gecko) Chrome/71.0.3578.98 Safari/537.36"
172.20.12.23 - - [24/Jan/2019:08:39:03 -0200] "GET / HTTP/1.1" 200 17554 "-" "Mozilla/5.0 (X11; Linux x86_64) AppleWebKit/537.36 (KHTML, like Gecko) Chrome/71.0.3578.98 Safari/537.36"
172.20.12.23 - - [24/Jan/2019:08:39:22 -0200] "GET /admin/login HTTP/1.1" 200 2840 "-" "Mozilla/5.0 (X11; Linux x86_64) AppleWebKit/537.36 (KHTML, like Gecko) Chrome/71.0.3578.98 Safari/537.36"
172.20.12.23 - - [24/Jan/2019:08:39:24 -0200] "POST /admin/login HTTP/1.1" 302 372 "http://izzysms.blcobranca.com.br/admin/login" "Mozilla/5.0 (X11; Linux x86_64) AppleWebKit/537.36 (KHTML, like Gecko) Chrome/71.0.3578.98 Safari/537.36"
172.20.12.23 - - [24/Jan/2019:08:39:24 -0200] "GET / HTTP/1.1" 200 17919 "http://izzysms.blcobranca.com.br/admin/login" "Mozilla/5.0 (X11; Linux x86_64) AppleWebKit/537.36 (KHTML, like Gecko) Chrome/71.0.3578.98 Safari/537.36"
172.20.12.23 - - [24/Jan/2019:08:40:08 -0200] "GET / HTTP/1.1" 200 17862 "-" "Mozilla/5.0 (X11; Linux x86_64) AppleWebKit/537.36 (KHTML, like Gecko) Chrome/71.0.3578.98 Safari/537.36"
172.20.12.23 - - [24/Jan/2019:08:40:24 -0200] "GET / HTTP/1.1" 200 17939 "-" "Mozilla/5.0 (X11; Linux x86_64) AppleWebKit/537.36 (KHTML, like Gecko) Chrome/71.0.3578.98 Safari/537.36"
172.20.12.23 - - [24/Jan/2019:08:53:22 -0200] "GET /admin/campanha HTTP/1.1" 200 10005 "http://izzysms.blcobranca.com.br/" "Mozilla/5.0 (X11; Linux x86_64) AppleWebKit/537.36 (KHTML, like Gecko) Chrome/71.0.3578.98 Safari/537.36"
172.20.12.23 - - [24/Jan/2019:08:57:49 -0200] "GET /admin/campanha HTTP/1.1" 200 11515 "-" "Mozilla/5.0 (X11; Linux x86_64) AppleWebKit/537.36 (KHTML, like Gecko) Chrome/71.0.3578.98 Safari/537.36"
172.20.12.23 - - [24/Jan/2019:08:59:06 -0200] "GET /admin/campanha HTTP/1.1" 200 11545 "-" "Mozilla/5.0 (X11; Linux x86_64) AppleWebKit/537.36 (KHTML, like Gecko) Chrome/71.0.3578.98 Safari/537.36"
172.20.12.23 - - [24/Jan/2019:08:59:57 -0200] "-" 408 - "-" "-"
172.20.12.23 - - [24/Jan/2019:09:07:18 -0200] "GET /admin/campanha HTTP/1.1" 200 14705 "-" "Mozilla/5.0 (X11; Linux x86_64) AppleWebKit/537.36 (KHTML, like Gecko) Chrome/71.0.3578.98 Safari/537.36"
172.20.12.23 - - [24/Jan/2019:09:08:09 -0200] "-" 408 - "-" "-"
172.20.12.23 - - [24/Jan/2019:09:09:38 -0200] "GET /admin/campanha HTTP/1.1" 500 134568 "-" "Mozilla/5.0 (X11; Linux x86_64) AppleWebKit/537.36 (KHTML, like Gecko) Chrome/71.0.3578.98 Safari/537.36"
172.20.12.23 - - [24/Jan/2019:09:11:41 -0200] "GET /admin/campanha HTTP/1.1" 500 134629 "-" "Mozilla/5.0 (X11; Linux x86_64) AppleWebKit/537.36 (KHTML, like Gecko) Chrome/71.0.3578.98 Safari/537.36"
172.20.12.23 - - [24/Jan/2019:09:12:01 -0200] "GET /admin/campanha HTTP/1.1" 500 134668 "http://izzysms.blcobranca.com.br/" "Mozilla/5.0 (X11; Linux x86_64) AppleWebKit/537.36 (KHTML, like Gecko) Chrome/71.0.3578.98 Safari/537.36"
172.20.12.23 - - [24/Jan/2019:09:12:50 -0200] "-" 408 - "-" "-"
172.20.12.23 - - [24/Jan/2019:09:13:59 -0200] "GET /admin/campanha HTTP/1.1" 200 11925 "-" "Mozilla/5.0 (X11; Linux x86_64) AppleWebKit/537.36 (KHTML, like Gecko) Chrome/71.0.3578.98 Safari/537.36"
172.20.12.23 - - [24/Jan/2019:09:23:08 -0200] "GET /admin/campanha HTTP/1.1" 200 12125 "-" "Mozilla/5.0 (X11; Linux x86_64) AppleWebKit/537.36 (KHTML, like Gecko) Chrome/71.0.3578.98 Safari/537.36"
172.20.12.23 - - [24/Jan/2019:09:23:10 -0200] "GET /admin/campanha/envio/21 HTTP/1.1" 200 7108 "http://izzysms.blcobranca.com.br/admin/campanha" "Mozilla/5.0 (X11; Linux x86_64) AppleWebKit/537.36 (KHTML, like Gecko) Chrome/71.0.3578.98 Safari/537.36"
172.20.12.23 - - [24/Jan/2019:09:24:09 -0200] "-" 408 - "-" "-"
172.20.12.23 - - [24/Jan/2019:09:24:09 -0200] "-" 408 - "-" "-"
172.20.12.23 - - [24/Jan/2019:09:25:14 -0200] "GET /admin/campanha HTTP/1.1" 200 11745 "-" "Mozilla/5.0 (X11; Linux x86_64) AppleWebKit/537.36 (KHTML, like Gecko) Chrome/71.0.3578.98 Safari/537.36"
172.20.12.23 - - [24/Jan/2019:09:25:18 -0200] "GET /admin/campanha/envio/21 HTTP/1.1" 200 7792 "http://izzysms.blcobranca.com.br/admin/campanha" "Mozilla/5.0 (X11; Linux x86_64) AppleWebKit/537.36 (KHTML, like Gecko) Chrome/71.0.3578.98 Safari/537.36"
172.20.12.23 - - [24/Jan/2019:09:28:50 -0200] "GET / HTTP/1.1" 200 17939 "http://izzysms.blcobranca.com.br/admin/campanha/envio/21" "Mozilla/5.0 (X11; Linux x86_64) AppleWebKit/537.36 (KHTML, like Gecko) Chrome/71.0.3578.98 Safari/537.36"
172.20.12.23 - - [24/Jan/2019:09:29:01 -0200] "GET /admin/campanha HTTP/1.1" 200 11745 "http://izzysms.blcobranca.com.br/" "Mozilla/5.0 (X11; Linux x86_64) AppleWebKit/537.36 (KHTML, like Gecko) Chrome/71.0.3578.98 Safari/537.36"
172.20.12.23 - - [24/Jan/2019:09:38:35 -0200] "GET /admin/campanha/envio/13 HTTP/1.1" 500 609901 "http://izzysms.blcobranca.com.br/admin/campanha" "Mozilla/5.0 (X11; Linux x86_64) AppleWebKit/537.36 (KHTML, like Gecko) Chrome/71.0.3578.98 Safari/537.36"
172.20.12.23 - - [24/Jan/2019:09:39:26 -0200] "-" 408 - "-" "-"
172.20.12.23 - - [24/Jan/2019:09:42:45 -0200] "GET /admin/campanha/envio/13 HTTP/1.1" 500 609876 "-" "Mozilla/5.0 (X11; Linux x86_64) AppleWebKit/537.36 (KHTML, like Gecko) Chrome/71.0.3578.98 Safari/537.36"
172.20.12.23 - - [24/Jan/2019:09:43:37 -0200] "-" 408 - "-" "-"
172.20.12.23 - - [24/Jan/2019:09:44:12 -0200] "GET /admin/campanha/envio/13 HTTP/1.1" 500 609894 "-" "Mozilla/5.0 (X11; Linux x86_64) AppleWebKit/537.36 (KHTML, like Gecko) Chrome/71.0.3578.98 Safari/537.36"
172.20.12.23 - - [24/Jan/2019:09:45:04 -0200] "-" 408 - "-" "-"
172.20.12.23 - - [24/Jan/2019:09:50:41 -0200] "GET /admin/campanha/envio/13 HTTP/1.1" 500 609857 "-" "Mozilla/5.0 (X11; Linux x86_64) AppleWebKit/537.36 (KHTML, like Gecko) Chrome/71.0.3578.98 Safari/537.36"
172.20.12.23 - - [24/Jan/2019:09:51:06 -0200] "GET /admin/campanha/envio/13 HTTP/1.1" 500 621921 "-" "Mozilla/5.0 (X11; Linux x86_64) AppleWebKit/537.36 (KHTML, like Gecko) Chrome/71.0.3578.98 Safari/537.36"
172.20.12.23 - - [24/Jan/2019:09:53:55 -0200] "GET /admin/campanha/envio/13 HTTP/1.1" 200 5705 "-" "Mozilla/5.0 (X11; Linux x86_64) AppleWebKit/537.36 (KHTML, like Gecko) Chrome/71.0.3578.98 Safari/537.36"
172.20.12.23 - - [24/Jan/2019:09:54:07 -0200] "GET /admin/campanha/enviar/13?_token=2wILrpWowTLrmH63hIr7zuX5YPVmkGZYWjmr25Bq&_method=put HTTP/1.1" 500 579774 "http://izzysms.blcobranca.com.br/admin/campanha/envio/13" "Mozilla/5.0 (X11; Linux x86_64) AppleWebKit/537.36 (KHTML, like Gecko) Chrome/71.0.3578.98 Safari/537.36"
172.20.12.23 - - [24/Jan/2019:09:54:59 -0200] "-" 408 - "-" "-"
172.20.12.23 - - [24/Jan/2019:09:55:13 -0200] "GET /admin/campanha/enviar/13?_token=2wILrpWowTLrmH63hIr7zuX5YPVmkGZYWjmr25Bq&_method=put HTTP/1.1" 302 468 "http://izzysms.blcobranca.com.br/admin/campanha/envio/13" "Mozilla/5.0 (X11; Linux x86_64) AppleWebKit/537.36 (KHTML, like Gecko) Chrome/71.0.3578.98 Safari/537.36"
172.20.12.23 - - [24/Jan/2019:09:55:16 -0200] "GET /admin/campanha/envio/13 HTTP/1.1" 200 5705 "http://izzysms.blcobranca.com.br/admin/campanha/envio/13" "Mozilla/5.0 (X11; Linux x86_64) AppleWebKit/537.36 (KHTML, like Gecko) Chrome/71.0.3578.98 Safari/537.36"
172.20.12.23 - - [24/Jan/2019:09:56:02 -0200] "-" 408 - "-" "-"
172.20.12.23 - - [24/Jan/2019:09:58:35 -0200] "GET /admin/campanha/envio/13 HTTP/1.1" 200 5750 "-" "Mozilla/5.0 (X11; Linux x86_64) AppleWebKit/537.36 (KHTML, like Gecko) Chrome/71.0.3578.98 Safari/537.36"
172.20.12.23 - - [24/Jan/2019:09:58:43 -0200] "GET /admin/campanha/envio/13 HTTP/1.1" 200 5750 "-" "Mozilla/5.0 (X11; Linux x86_64) AppleWebKit/537.36 (KHTML, like Gecko) Chrome/71.0.3578.98 Safari/537.36"
172.20.12.23 - - [24/Jan/2019:09:58:43 -0200] "GET /favicon.ico HTTP/1.1" 200 - "http://izzysms.blcobranca.com.br/admin/campanha/envio/13" "Mozilla/5.0 (X11; Linux x86_64) AppleWebKit/537.36 (KHTML, like Gecko) Chrome/71.0.3578.98 Safari/537.36"
172.20.12.23 - - [24/Jan/2019:10:00:19 -0200] "GET /admin/campanha/envio/13 HTTP/1.1" 200 5736 "-" "Mozilla/5.0 (X11; Linux x86_64) AppleWebKit/537.36 (KHTML, like Gecko) Chrome/71.0.3578.98 Safari/537.36"
172.20.12.23 - - [24/Jan/2019:10:00:19 -0200] "GET /favicon.ico HTTP/1.1" 200 - "http://izzysms.blcobranca.com.br/admin/campanha/envio/13" "Mozilla/5.0 (X11; Linux x86_64) AppleWebKit/537.36 (KHTML, like Gecko) Chrome/71.0.3578.98 Safari/537.36"
172.20.12.23 - - [24/Jan/2019:10:00:43 -0200] "GET /admin/campanha/envio/13 HTTP/1.1" 200 5740 "-" "Mozilla/5.0 (X11; Linux x86_64) AppleWebKit/537.36 (KHTML, like Gecko) Chrome/71.0.3578.98 Safari/537.36"
172.20.12.23 - - [24/Jan/2019:10:00:43 -0200] "GET /favicon.ico HTTP/1.1" 200 - "http://izzysms.blcobranca.com.br/admin/campanha/envio/13" "Mozilla/5.0 (X11; Linux x86_64) AppleWebKit/537.36 (KHTML, like Gecko) Chrome/71.0.3578.98 Safari/537.36"
172.20.12.23 - - [24/Jan/2019:10:01:34 -0200] "-" 408 - "-" "-"
172.20.12.23 - - [24/Jan/2019:10:12:43 -0200] "GET / HTTP/1.1" 200 17971 "http://izzysms.blcobranca.com.br/admin/campanha/envio/13" "Mozilla/5.0 (X11; Linux x86_64) AppleWebKit/537.36 (KHTML, like Gecko) Chrome/71.0.3578.98 Safari/537.36"
172.20.12.23 - - [24/Jan/2019:10:12:47 -0200] "GET /admin/posts HTTP/1.1" 200 13343 "http://izzysms.blcobranca.com.br/" "Mozilla/5.0 (X11; Linux x86_64) AppleWebKit/537.36 (KHTML, like Gecko) Chrome/71.0.3578.98 Safari/537.36"
172.20.12.23 - - [24/Jan/2019:10:13:34 -0200] "-" 408 - "-" "-"
172.20.12.23 - - [24/Jan/2019:12:59:04 -0200] "GET / HTTP/1.1" 302 420 "-" "Mozilla/5.0 (X11; Linux x86_64) AppleWebKit/537.36 (KHTML, like Gecko) Chrome/71.0.3578.98 Safari/537.36"
172.20.12.23 - - [24/Jan/2019:12:59:04 -0200] "GET /admin/login HTTP/1.1" 200 2416 "-" "Mozilla/5.0 (X11; Linux x86_64) AppleWebKit/537.36 (KHTML, like Gecko) Chrome/71.0.3578.98 Safari/537.36"
172.20.12.23 - - [24/Jan/2019:12:59:04 -0200] "GET /css/style.css HTTP/1.1" 304 - "http://izzysms.blcobranca.com.br/admin/login" "Mozilla/5.0 (X11; Linux x86_64) AppleWebKit/537.36 (KHTML, like Gecko) Chrome/71.0.3578.98 Safari/537.36"
172.20.12.23 - - [24/Jan/2019:12:59:04 -0200] "GET /lib/materialize/dist/js/materialize.js HTTP/1.1" 200 370999 "http://izzysms.blcobranca.com.br/admin/login" "Mozilla/5.0 (X11; Linux x86_64) AppleWebKit/537.36 (KHTML, like Gecko) Chrome/71.0.3578.98 Safari/537.36"
172.20.12.23 - - [24/Jan/2019:12:59:04 -0200] "GET /js/init.js HTTP/1.1" 304 - "http://izzysms.blcobranca.com.br/admin/login" "Mozilla/5.0 (X11; Linux x86_64) AppleWebKit/537.36 (KHTML, like Gecko) Chrome/71.0.3578.98 Safari/537.36"
172.20.12.23 - - [24/Jan/2019:12:59:04 -0200] "GET /lib/jquery/dist/jquery.js HTTP/1.1" 200 271751 "http://izzysms.blcobranca.com.br/admin/login" "Mozilla/5.0 (X11; Linux x86_64) AppleWebKit/537.36 (KHTML, like Gecko) Chrome/71.0.3578.98 Safari/537.36"
172.20.12.23 - - [24/Jan/2019:12:59:06 -0200] "POST /admin/login HTTP/1.1" 302 372 "http://izzysms.blcobranca.com.br/admin/login" "Mozilla/5.0 (X11; Linux x86_64) AppleWebKit/537.36 (KHTML, like Gecko) Chrome/71.0.3578.98 Safari/537.36"
172.20.12.23 - - [24/Jan/2019:12:59:06 -0200] "GET / HTTP/1.1" 200 18336 "http://izzysms.blcobranca.com.br/admin/login" "Mozilla/5.0 (X11; Linux x86_64) AppleWebKit/537.36 (KHTML, like Gecko) Chrome/71.0.3578.98 Safari/537.36"
172.20.12.23 - - [24/Jan/2019:13:41:40 -0200] "GET / HTTP/1.1" 200 17971 "-" "Mozilla/5.0 (X11; Linux x86_64) AppleWebKit/537.36 (KHTML, like Gecko) Chrome/71.0.3578.98 Safari/537.36"
